// Jest Snapshot v1, https://jestjs.io/docs/snapshot-testing

exports[`composeHandoffParagraph snapshot — clean day, no notes 1`] = `"Mom’s care today, as of 8:00 PM: Today went smoothly — 5 meds, 2 vitals, 2 meals."`;

exports[`composeHandoffParagraph snapshot — hard day with notes 1`] = `"Dad’s care today, as of 10:30 PM: Today was rough — 2 not logged (Acetaminophen and Amlodipine), 4 logged. "Dad seemed sleepy after lunch. Skipped the walk." Worth a quick review before handing off."`;

exports[`composeHandoffParagraph snapshot — pending only 1`] = `"Mom’s care today, as of 7:00 PM: Mostly on track — 2 still to do (Evening meds and BP check). "Slept through the afternoon." Worth a quick review before handing off."`;
